mode: set
github.com\0xor1\gameseed\src\server\src\api\route.go:22.70,30.2 7 1
github.com\0xor1\gameseed\src\server\src\api\route.go:32.50,35.33 2 1
github.com\0xor1\gameseed\src\server\src\api\route.go:43.2,43.46 1 1
github.com\0xor1\gameseed\src\server\src\api\route.go:35.33,37.17 2 1
github.com\0xor1\gameseed\src\server\src\api\route.go:41.3,41.32 1 1
github.com\0xor1\gameseed\src\server\src\api\route.go:37.17,40.4 2 1
github.com\0xor1\gameseed\src\server\src\api\route.go:46.61,47.57 1 1
github.com\0xor1\gameseed\src\server\src\api\route.go:47.57,49.34 2 1
github.com\0xor1\gameseed\src\server\src\api\route.go:57.3,63.5 1 1
github.com\0xor1\gameseed\src\server\src\api\route.go:49.34,50.52 1 1
github.com\0xor1\gameseed\src\server\src\api\route.go:50.52,51.69 1 1
github.com\0xor1\gameseed\src\server\src\api\route.go:51.69,54.6 1 1
github.com\0xor1\gameseed\src\server\src\api\route.go:64.3,66.3 1 1
github.com\0xor1\gameseed\src\server\src\api\route.go:69.54,70.58 1 1
github.com\0xor1\gameseed\src\server\src\api\route.go:70.58,71.43 1 1
github.com\0xor1\gameseed\src\server\src\api\route.go:71.43,73.4 1 1
github.com\0xor1\gameseed\src\server\src\api\route.go:73.4,77.4 3 1
github.com\0xor1\gameseed\src\server\src\api\route.go:78.3,80.3 1 1
github.com\0xor1\gameseed\src\server\src\api\route.go:83.55,84.48 1 1
github.com\0xor1\gameseed\src\server\src\api\route.go:84.48,86.41 2 1
github.com\0xor1\gameseed\src\server\src\api\route.go:86.41,87.76 1 1
github.com\0xor1\gameseed\src\server\src\api\route.go:87.76,88.66 1 1
github.com\0xor1\gameseed\src\server\src\api\route.go:88.66,89.77 1 1
github.com\0xor1\gameseed\src\server\src\api\route.go:89.77,90.70 1 1
github.com\0xor1\gameseed\src\server\src\api\route.go:90.70,93.8 2 1
github.com\0xor1\gameseed\src\server\src\api\route.go:93.8,95.8 1 1
github.com\0xor1\gameseed\src\server\src\api\route.go:96.7,98.7 1 1
github.com\0xor1\gameseed\src\server\src\api\route.go:99.6,101.6 1 1
github.com\0xor1\gameseed\src\server\src\api\route.go:102.5,104.5 1 1
github.com\0xor1\gameseed\src\server\src\api\route.go:105.4,107.4 1 1
github.com\0xor1\gameseed\src\server\src\api\route.go:108.3,110.3 1 1
github.com\0xor1\gameseed\src\server\src\api\helper.go:24.91,30.54 4 1
github.com\0xor1\gameseed\src\server\src\api\helper.go:62.2,62.17 1 1
github.com\0xor1\gameseed\src\server\src\api\helper.go:30.54,31.45 1 1
github.com\0xor1\gameseed\src\server\src\api\helper.go:31.45,33.25 2 1
github.com\0xor1\gameseed\src\server\src\api\helper.go:44.4,44.69 1 1
github.com\0xor1\gameseed\src\server\src\api\helper.go:33.25,34.58 1 1
github.com\0xor1\gameseed\src\server\src\api\helper.go:34.58,35.51 1 1
github.com\0xor1\gameseed\src\server\src\api\helper.go:35.51,37.7 1 1
github.com\0xor1\gameseed\src\server\src\api\helper.go:37.7,39.7 1 1
github.com\0xor1\gameseed\src\server\src\api\helper.go:40.6,42.6 1 1
github.com\0xor1\gameseed\src\server\src\api\helper.go:44.69,48.44 4 1
github.com\0xor1\gameseed\src\server\src\api\helper.go:48.44,49.70 1 1
github.com\0xor1\gameseed\src\server\src\api\helper.go:49.70,51.7 1 1
github.com\0xor1\gameseed\src\server\src\api\helper.go:53.5,55.5 1 1
github.com\0xor1\gameseed\src\server\src\api\helper.go:56.4,58.4 1 1
github.com\0xor1\gameseed\src\server\src\api\helper.go:59.3,61.3 1 1
github.com\0xor1\gameseed\src\server\src\api\helper.go:70.62,74.47 4 1
github.com\0xor1\gameseed\src\server\src\api\helper.go:83.2,83.47 1 1
github.com\0xor1\gameseed\src\server\src\api\helper.go:92.2,92.17 1 1
github.com\0xor1\gameseed\src\server\src\api\helper.go:74.47,75.40 1 1
github.com\0xor1\gameseed\src\server\src\api\helper.go:75.40,77.4 1 1
github.com\0xor1\gameseed\src\server\src\api\helper.go:77.4,79.4 1 1
github.com\0xor1\gameseed\src\server\src\api\helper.go:80.3,82.3 1 1
github.com\0xor1\gameseed\src\server\src\api\helper.go:83.47,84.40 1 1
github.com\0xor1\gameseed\src\server\src\api\helper.go:84.40,86.4 1 1
github.com\0xor1\gameseed\src\server\src\api\helper.go:86.4,88.4 1 1
github.com\0xor1\gameseed\src\server\src\api\helper.go:89.3,91.3 1 1
github.com\0xor1\gameseed\src\server\src\api\helper.go:95.46,97.67 2 1
github.com\0xor1\gameseed\src\server\src\api\helper.go:97.67,98.21 1 1
github.com\0xor1\gameseed\src\server\src\api\helper.go:98.21,100.4 1 1
github.com\0xor1\gameseed\src\server\src\api\helper.go:100.4,102.4 1 1
github.com\0xor1\gameseed\src\server\src\api\helper.go:106.66,113.2 1 1
github.com\0xor1\gameseed\src\server\src\api\helper.go:117.61,122.2 4 1
github.com\0xor1\gameseed\src\server\src\api\helper.go:125.54,129.2 3 1
github.com\0xor1\gameseed\src\server\src\api\helper.go:131.51,133.2 1 1
github.com\0xor1\gameseed\src\server\src\game\game.go:21.21,27.2 2 1
github.com\0xor1\gameseed\src\server\src\game\game.go:38.36,40.2 1 1
github.com\0xor1\gameseed\src\server\src\game\game.go:42.36,44.2 1 1
github.com\0xor1\gameseed\src\server\src\game\game.go:46.41,48.2 1 1
github.com\0xor1\gameseed\src\server\src\game\game.go:50.38,52.2 1 1
github.com\0xor1\gameseed\src\server\src\game\game.go:54.40,56.2 1 1
github.com\0xor1\gameseed\src\server\src\game\game.go:58.35,60.2 1 1
github.com\0xor1\gameseed\src\server\src\game\game.go:62.56,63.29 1 1
github.com\0xor1\gameseed\src\server\src\game\game.go:68.2,68.11 1 1
github.com\0xor1\gameseed\src\server\src\game\game.go:63.29,65.3 1 1
github.com\0xor1\gameseed\src\server\src\game\game.go:65.3,65.36 1 1
github.com\0xor1\gameseed\src\server\src\game\game.go:65.36,67.3 1 1
github.com\0xor1\gameseed\src\server\src\game\game.go:71.53,72.17 1 1
github.com\0xor1\gameseed\src\server\src\game\game.go:77.2,77.11 1 1
github.com\0xor1\gameseed\src\server\src\game\game.go:72.17,74.3 1 1
github.com\0xor1\gameseed\src\server\src\game\game.go:74.3,74.24 1 1
github.com\0xor1\gameseed\src\server\src\game\game.go:74.24,76.3 1 1
github.com\0xor1\gameseed\src\server\src\game\game.go:80.45,82.2 1 1
github.com\0xor1\gameseed\src\server\src\game\game.go:84.40,85.23 1 1
github.com\0xor1\gameseed\src\server\src\game\game.go:88.2,92.12 5 1
github.com\0xor1\gameseed\src\server\src\game\game.go:85.23,87.3 1 1
github.com\0xor1\gameseed\src\server\src\game\game.go:95.22,96.27 1 1
github.com\0xor1\gameseed\src\server\src\game\game.go:96.27,98.33 2 1
github.com\0xor1\gameseed\src\server\src\game\game.go:98.33,100.4 1 1
github.com\0xor1\gameseed\src\server\src\game\game.go:104.64,106.30 2 1
github.com\0xor1\gameseed\src\server\src\game\game.go:136.2,136.12 1 1
github.com\0xor1\gameseed\src\server\src\game\game.go:106.30,107.28 1 1
github.com\0xor1\gameseed\src\server\src\game\game.go:107.28,109.98 2 1
github.com\0xor1\gameseed\src\server\src\game\game.go:109.98,110.27 1 1
github.com\0xor1\gameseed\src\server\src\game\game.go:110.27,111.33 1 1
github.com\0xor1\gameseed\src\server\src\game\game.go:111.33,114.25 3 1
github.com\0xor1\gameseed\src\server\src\game\game.go:114.25,118.8 3 1
github.com\0xor1\gameseed\src\server\src\game\game.go:118.8,120.8 1 1
github.com\0xor1\gameseed\src\server\src\game\game.go:121.7,123.7 1 1
github.com\0xor1\gameseed\src\server\src\game\game.go:124.6,126.6 1 1
github.com\0xor1\gameseed\src\server\src\game\game.go:127.5,129.5 1 1
github.com\0xor1\gameseed\src\server\src\game\game.go:130.4,132.4 1 1
github.com\0xor1\gameseed\src\server\src\game\game.go:133.3,135.3 1 1
github.com\0xor1\gameseed\src\server\src\game\game.go:139.34,141.2 1 1
github.com\0xor1\gameseed\src\server\src\game\game.go:143.29,145.2 1 1
github.com\0xor1\gameseed\src\server\src\game\game.go:147.41,148.31 1 1
github.com\0xor1\gameseed\src\server\src\game\game.go:153.2,153.11 1 1
github.com\0xor1\gameseed\src\server\src\game\game.go:148.31,149.91 1 1
github.com\0xor1\gameseed\src\server\src\game\game.go:149.91,151.4 1 1
github.com\0xor1\gameseed\src\server\src\game\game.go:156.41,157.31 1 1
github.com\0xor1\gameseed\src\server\src\game\game.go:162.2,162.11 1 1
github.com\0xor1\gameseed\src\server\src\game\game.go:157.31,158.91 1 1
github.com\0xor1\gameseed\src\server\src\game\game.go:158.91,160.4 1 1
github.com\0xor1\gameseed\src\server\src\game\game.go:165.34,167.15 2 1
github.com\0xor1\gameseed\src\server\src\game\game.go:170.2,170.14 1 1
github.com\0xor1\gameseed\src\server\src\game\game.go:167.15,169.3 1 1
github.com\0xor1\gameseed\src\server\src\game\game.go:173.30,174.27 1 1
github.com\0xor1\gameseed\src\server\src\game\game.go:181.2,181.13 1 1
github.com\0xor1\gameseed\src\server\src\game\game.go:174.27,175.33 1 1
github.com\0xor1\gameseed\src\server\src\game\game.go:175.33,176.31 1 1
github.com\0xor1\gameseed\src\server\src\game\game.go:176.31,178.5 1 1
github.com\0xor1\gameseed\src\server\src\game\game.go:184.31,186.2 1 1
github.com\0xor1\gameseed\src\server\src\game\game.go:188.35,189.45 1 1
github.com\0xor1\gameseed\src\server\src\game\game.go:196.2,196.11 1 1
github.com\0xor1\gameseed\src\server\src\game\game.go:189.45,191.3 1 1
github.com\0xor1\gameseed\src\server\src\game\game.go:191.3,191.52 1 1
github.com\0xor1\gameseed\src\server\src\game\game.go:191.52,193.3 1 1
github.com\0xor1\gameseed\src\server\src\game\game.go:193.3,193.27 1 1
github.com\0xor1\gameseed\src\server\src\game\game.go:193.27,195.3 1 1
github.com\0xor1\gameseed\src\server\src\game\game.go:199.39,202.2 2 1
github.com\0xor1\gameseed\src\server\src\game\game.go:204.36,206.33 2 1
github.com\0xor1\gameseed\src\server\src\game\game.go:211.2,212.35 2 1
github.com\0xor1\gameseed\src\server\src\game\game.go:206.33,208.3 1 1
github.com\0xor1\gameseed\src\server\src\game\game.go:208.3,210.3 1 1
github.com\0xor1\gameseed\src\server\src\session\session.go:31.111,39.2 5 1
github.com\0xor1\gameseed\src\server\src\session\session.go:41.90,53.48 5 1
github.com\0xor1\gameseed\src\server\src\session\session.go:59.2,59.46 1 1
github.com\0xor1\gameseed\src\server\src\session\session.go:65.2,65.57 1 1
github.com\0xor1\gameseed\src\server\src\session\session.go:71.2,71.21 1 1
github.com\0xor1\gameseed\src\server\src\session\session.go:53.48,55.3 1 1
github.com\0xor1\gameseed\src\server\src\session\session.go:55.3,57.3 1 1
github.com\0xor1\gameseed\src\server\src\session\session.go:59.46,61.3 1 1
github.com\0xor1\gameseed\src\server\src\session\session.go:61.3,63.3 1 1
github.com\0xor1\gameseed\src\server\src\session\session.go:65.57,67.3 1 1
github.com\0xor1\gameseed\src\server\src\session\session.go:67.3,69.3 1 1
github.com\0xor1\gameseed\src\server\src\session\session.go:74.73,84.2 5 1
github.com\0xor1\gameseed\src\server\src\session\session.go:86.33,92.2 5 1
github.com\0xor1\gameseed\src\server\src\session\session.go:94.49,96.2 1 1
github.com\0xor1\gameseed\src\server\src\session\session.go:98.40,100.2 1 1
github.com\0xor1\gameseed\src\server\src\session\session.go:102.38,104.2 1 1
github.com\0xor1\gameseed\src\server\src\session\session.go:106.38,108.2 1 1
github.com\0xor1\gameseed\src\server\src\sys\sys.go:47.22,49.2 1 1
github.com\0xor1\gameseed\src\server\src\sys\sys.go:51.17,53.2 1 1